
> mess-sec@0.1.0 build
> react-scripts build

Creating an optimized production build...
Compiled with warnings.

[eslint] 
src/App.js
  Line 26:8:  'PrincipalDashboard' is defined but never used  no-unused-vars

src/components/common/Navbar.jsx
  Line 9:9:  'name' is assigned a value but never used  no-unused-vars

src/roles/admin/Departments.jsx
  Line 18:11:  'updateDepartment' is assigned a value but never used  no-unused-vars

src/roles/hod/HodDashboard.jsx
  Line 2086:10:  'students' is assigned a value but never used  no-unused-vars
  Line 2091:10:  'depts' is assigned a value but never used     no-unused-vars
  Line 2124:15:  'payload' is assigned a value but never used   no-unused-vars

src/roles/hostel/ManualHDF.jsx
  Line 44:9:  'months' is assigned a value but never used  no-unused-vars

src/roles/hostel/inmateEnrollment.jsx
  Line 83:11:  'enrollmentDate' is assigned a value but never used  no-unused-vars

src/roles/staffAdvisor/StaffAdvisorDashboard.jsx
  Line 16:10:  'loading' is assigned a value but never used  no-unused-vars

Search for the keywords to learn more about each warning.
To ignore, add // eslint-disable-next-line to the line before.

File sizes after gzip:

  409 kB    build/static/js/main.4e894606.js
  46.35 kB  build/static/js/239.d4c1e52a.chunk.js
  33.55 kB  build/static/js/732.012bf4f1.chunk.js
  11.51 kB  build/static/css/main.d735d961.css
  8.74 kB   build/static/js/977.b2ecc41f.chunk.js

The project was built assuming it is hosted at /.
You can control this with the homepage field in your package.json.

The build folder is ready to be deployed.
You may serve it with a static server:

  npm install -g serve
  serve -s build

Find out more about deployment here:

  https://cra.link/deployment

